---
source: src/tests/test_vm/mod.rs
expression: output
input_file: src/tests/test_vm/scripts_success/while_loop.lx
---
0
1
2
3
4
5
6
7
8
9
OK!

