---
source: src/tests/test_vm/mod.rs
expression: output
input_file: src/tests/test_vm/scripts_error/unterminated_comment_error.lx
---
ERROR! unterminated block comment at line 1:1

