---
source: src/tests/test_vm/mod.rs
expression: output
input_file: src/tests/test_vm/scripts_error/missing_semi_error.lx
---
ERROR! /Users/jmccollum/rust/lx
expected ;, but found end of file at src/tests/test_vm/scripts_error/missing_semi_error.lx:1:22

