---
source: src/tests/test_vm/mod.rs
expression: output
input_file: src/tests/test_vm/scripts_error/undeclared_error.lx
---
ERROR! /Users/jmccollum/rust/lx
use of undeclared variable 'undeclared_var' at src/tests/test_vm/scripts_error/undeclared_error.lx:1:7

