---
source: src/tests/test_vm/mod.rs
expression: output
input_file: src/tests/test_vm/scripts_error/assign_to_int_literal_error.lx
---
ERROR! unable to assign to 1 at line 1:1

