---
source: src/tests/mod.rs
expression: output_str
input_file: src/tests/testdata/missing_semi_error.lx
---
ERROR! expected Semi, but found EOF at Pos { offset: 21, length: 0 }

