---
source: src/tests/mod.rs
expression: output_str
input_file: src/tests/testdata/deeply_nested_calls.lx
---
got: Int(155):
OK!

