---
source: src/tests/mod.rs
expression: output_str
input_file: src/tests/testdata/undeclared_error.lx
---
ERROR! use of undeclared variable 'undeclared_var' at line 1:7

