---
source: src/tests/mod.rs
expression: output_str
input_file: src/tests/testdata/print.lx
---
Hello, World
OK!

