---
source: src/tests/mod.rs
expression: output_str
input_file: src/tests/testdata/misplaced_return_error.lx
---
ERROR! return not allowed outside of function at line 2:1

