---
source: src/tests/mod.rs
expression: output_str
input_file: src/tests/testdata/redeclaration_error.lx
---
ERROR! redeclaration of 'a' at line 2:5 (original declaration is at line 1:5)

